// Jest Snapshot v1, https://goo.gl/fbAQLP

exports[`Pruebas en <PrimeraApp></PrimeraApp> debe de mostrar <PrimeraApp/> correctamente 1`] = `
<Fragment>
  <h1>
    Hola, soy abrahaaaam
    !!
  </h1>
  <p>
    Soy un default subtitulo
  </p>
</Fragment>
`;
