// Jest Snapshot v1, https://goo.gl/fbAQLP

exports[`test in componente GifExpertApp should show the componente correctly 1`] = `
<div>
  <h2>
    GifExpertApp
  </h2>
  <AddCategory
    setCategories={[Function]}
  />
  <hr />
  <ol>
    <GifGrid
      category="Dragon Ball"
      key="Dragon Ball"
    />
  </ol>
</div>
`;
